[2026-02-09 10:49:32] HTTP server listening on port 8080
[2026-02-09 10:49:32] TUIDownload: Probing server... https://github.com/eduardofuncao/pam/releases/download/v0.2.0-beta/pam-linux-arm64
[2026-02-09 10:49:32] Probing server: https://github.com/eduardofuncao/pam/releases/download/v0.2.0-beta/pam-linux-arm64
[2026-02-09 10:49:34] Probe response status: 206
[2026-02-09 10:49:34] Content-Range header: bytes 0-0/17969752
[2026-02-09 10:49:34] Range supported, file size: 17969752
[2026-02-09 10:49:34] Probe complete - filename: pam-linux-arm64, size: 17969752, range: true
[2026-02-09 10:49:34] TUIDownload: Probe success 17969752
[2026-02-09 10:49:34] Destination path: /home/rio/Downloads/pam-linux-arm64
[2026-02-09 10:49:34] Using concurrent downloader
[2026-02-09 10:49:34] ConcurrentDownloader.Download: https://github.com/eduardofuncao/pam/releases/download/v0.2.0-beta/pam-linux-arm64 -> /home/rio/Downloads/pam-linux-arm64 (size: 17969752)
[2026-02-09 10:49:34] Worker 0 started
[2026-02-09 10:49:34] Worker 2 started
[2026-02-09 10:49:34] Worker 3 started
[2026-02-09 10:49:34] Worker 1 started
[2026-02-09 10:49:34] Worker 3: Task offset=4194304 length=2097152 took 526.960692ms
[2026-02-09 10:49:35] Worker 2: Task offset=2097152 length=2097152 took 726.312308ms
[2026-02-09 10:49:35] Worker 3: Task offset=8388608 length=2097152 took 246.823461ms
[2026-02-09 10:49:35] Worker 0: Task offset=0 length=2097152 took 873.291693ms
[2026-02-09 10:49:35] Worker 1: Task offset=6291456 length=2097152 took 958.035769ms
[2026-02-09 10:49:35] Worker 2: Task offset=10485760 length=2097152 took 490.593923ms
[2026-02-09 10:49:35] Worker 3: Task offset=12582912 length=2097152 took 622.437001ms
[2026-02-09 10:49:36] Worker 0: Task offset=14680064 length=2097152 took 674.803077ms
[2026-02-09 10:49:36] Worker 1: Task offset=16777216 length=1192536 took 610.815923ms
[2026-02-09 10:49:36] Worker 1 finished
[2026-02-09 10:49:36] Worker 3 finished
[2026-02-09 10:49:36] Worker 0 finished
[2026-02-09 10:49:36] Worker 2 finished
[2026-02-09 10:49:36] Download https://github.com/eduardofuncao/pam/releases/download/v0.2.0-beta/pam-linux-arm64 completed in 2.117825s
