[2026-01-30 07:23:33] HTTP server listening on port 8080
[2026-01-30 07:23:33] TUIDownload: Probing server... https://download.oracle.com/java/25/latest/jdk-25_linux-aarch64_bin.tar.gz
[2026-01-30 07:23:33] Probing server: https://download.oracle.com/java/25/latest/jdk-25_linux-aarch64_bin.tar.gz
[2026-01-30 07:23:34] Probe response status: 206
[2026-01-30 07:23:34] Content-Range header: bytes 0-0/213239840
[2026-01-30 07:23:34] Range supported, file size: 213239840
[2026-01-30 07:23:34] Probe complete - filename: jdk-25_linux-aarch64_bin.tar.gz, size: 213239840, range: true
[2026-01-30 07:23:34] TUIDownload: Probe success 213239840
[2026-01-30 07:23:34] Destination path: /home/rio/Downloads/jdk-25_linux-aarch64_bin.tar.gz
[2026-01-30 07:23:34] Using concurrent downloader
[2026-01-30 07:23:34] ConcurrentDownloader.Download: https://download.oracle.com/java/25/latest/jdk-25_linux-aarch64_bin.tar.gz -> /home/rio/Downloads/jdk-25_linux-aarch64_bin.tar.gz (size: 213239840)
[2026-01-30 07:23:34] Worker 0 started
[2026-01-30 07:23:34] Worker 1 started
[2026-01-30 07:23:34] Worker 4 started
[2026-01-30 07:23:34] Worker 3 started
[2026-01-30 07:23:34] Worker 5 started
[2026-01-30 07:23:34] Worker 2 started
[2026-01-30 07:23:35] Worker 1: Task offset=8884224 length=8884224 took 1.115148s
[2026-01-30 07:23:36] Worker 4: Task offset=17768448 length=8884224 took 1.893057539s
[2026-01-30 07:23:36] Worker 1: Task offset=53305344 length=8884224 took 831.740923ms
[2026-01-30 07:23:36] Worker 3: Task offset=26652672 length=8884224 took 1.941697308s
[2026-01-30 07:23:37] Worker 1: Task offset=71073792 length=8884224 took 798.506384ms
[2026-01-30 07:23:38] Worker 2: Task offset=44421120 length=8884224 took 3.403161769s
[2026-01-30 07:23:38] Worker 0: Task offset=0 length=8884224 took 3.534046769s
[2026-01-30 07:23:38] Worker 1: Task offset=88842240 length=8884224 took 809.813231ms
[2026-01-30 07:23:38] Worker 4: Task offset=62189568 length=8884224 took 1.690288692s
[2026-01-30 07:23:38] Worker 3: Task offset=79958016 length=8884224 took 1.725796692s
[2026-01-30 07:23:39] Worker 1: Task offset=115494912 length=8884224 took 690.28277ms
[2026-01-30 07:23:39] Worker 1: Task offset=142147584 length=8884224 took 710.259615ms
[2026-01-30 07:23:39] Worker 4: Task offset=124379136 length=8884224 took 1.510413539s
[2026-01-30 07:23:40] Worker 3: Task offset=133263360 length=8884224 took 1.644514384s
[2026-01-30 07:23:40] Worker 1: Task offset=151031808 length=8884224 took 712.441462ms
[2026-01-30 07:23:41] Worker 5: Task offset=35536896 length=8884224 took 6.24702777s
[2026-01-30 07:23:41] Worker 0: Task offset=106610688 length=8884224 took 2.880196077s
[2026-01-30 07:23:41] Worker 1: Task offset=177684480 length=8884224 took 759.138769ms
[2026-01-30 07:23:41] Worker 2: Task offset=97726464 length=8884224 took 3.242234462s
[2026-01-30 07:23:41] Worker 2: Task offset=213221376 length=18464 took 91.439692ms
[2026-01-30 07:23:41] Worker 4: Task offset=159916032 length=8884224 took 1.753728308s
[2026-01-30 07:23:41] Worker 3: Task offset=168800256 length=8884224 took 1.626984846s
[2026-01-30 07:23:41] Worker 1: Task offset=204337152 length=8884224 took 531.264539ms
[2026-01-30 07:23:41] Balancer: stole 4.0 MB from worker 5 (new range: 191270912-195452928)
[2026-01-30 07:23:42] Worker 2: Task offset=191270912 length=4182016 took 233.216231ms
[2026-01-30 07:23:42] Worker 0: Task offset=195452928 length=8884224 took 1.423109539s
[2026-01-30 07:23:43] Worker 5: Task offset=186568704 length=8884224 took 1.994068308s
[2026-01-30 07:23:43] Worker 5 finished
[2026-01-30 07:23:43] Worker 4 finished
[2026-01-30 07:23:43] Worker 3 finished
[2026-01-30 07:23:43] Worker 0 finished
[2026-01-30 07:23:43] Worker 1 finished
[2026-01-30 07:23:43] Worker 2 finished
[2026-01-30 07:23:43] Download https://download.oracle.com/java/25/latest/jdk-25_linux-aarch64_bin.tar.gz completed in 8.659272693s
