[2026-02-11 13:53:39] HTTP server listening on port 8080
[2026-02-11 13:53:39] TUIDownload: Probing server... https://github.com/yorukot/superfile/releases/download/v1.5.0/superfile-linux-v1.5.0-arm64.tar.gz
[2026-02-11 13:53:39] Probing server: https://github.com/yorukot/superfile/releases/download/v1.5.0/superfile-linux-v1.5.0-arm64.tar.gz
[2026-02-11 13:53:41] Probe response status: 206
[2026-02-11 13:53:41] Content-Range header: bytes 0-0/10479547
[2026-02-11 13:53:41] Range supported, file size: 10479547
[2026-02-11 13:53:41] Probe complete - filename: superfile-linux-v1.5.0-arm64.tar.gz, size: 10479547, range: true
[2026-02-11 13:53:41] TUIDownload: Probe success 10479547
[2026-02-11 13:53:41] Destination path: /home/rio/Downloads/superfile-linux-v1.5.0-arm64.tar.gz
[2026-02-11 13:53:41] Using concurrent downloader
[2026-02-11 13:53:41] Probing 1 mirrors
[2026-02-11 13:53:41] Probing 1 mirrors...
[2026-02-11 13:53:41] Probing server: https://github.com/yorukot/superfile/releases/download/v1.5.0/superfile-linux-v1.5.0-arm64.tar.gz
[2026-02-11 13:53:41] Probe response status: 206
[2026-02-11 13:53:41] Content-Range header: bytes 0-0/10479547
[2026-02-11 13:53:41] Range supported, file size: 10479547
[2026-02-11 13:53:41] Probe complete - filename: superfile-linux-v1.5.0-arm64.tar.gz, size: 10479547, range: true
[2026-02-11 13:53:41] Mirror probing complete: 1 valid, 0 failed
[2026-02-11 13:53:41] Found 0 active mirrors from 1 candidates
[2026-02-11 13:53:41] Calling Download with mirrors: [https://github.com/yorukot/superfile/releases/download/v1.5.0/superfile-linux-v1.5.0-arm64.tar.gz]
[2026-02-11 13:53:41] ConcurrentDownloader.Download: https://github.com/yorukot/superfile/releases/download/v1.5.0/superfile-linux-v1.5.0-arm64.tar.gz -> /home/rio/Downloads/superfile-linux-v1.5.0-arm64.tar.gz (size: 10479547, mirrors: 0)
[2026-02-11 13:53:41] Worker 0 started
[2026-02-11 13:53:41] Worker 1 started
[2026-02-11 13:53:41] Worker 2 started
[2026-02-11 13:53:42] Worker 1: Task offset=3489792 length=3489792 took 700.489538ms
[2026-02-11 13:53:42] Worker 1: Task offset=10469376 length=10171 took 53.675077ms
[2026-02-11 13:53:42] Worker 2: Task offset=6979584 length=3489792 took 1.034699308s
[2026-02-11 13:53:42] Worker 0: Task offset=0 length=3489792 took 1.098350847s
[2026-02-11 13:53:42] Worker 0 finished
[2026-02-11 13:53:42] Worker 1 finished
[2026-02-11 13:53:42] Worker 2 finished
[2026-02-11 13:53:42] Download https://github.com/yorukot/superfile/releases/download/v1.5.0/superfile-linux-v1.5.0-arm64.tar.gz completed in 1.202885461s
