[2026-02-18 12:16:15] HTTP server listening on port 8080
[2026-02-18 12:16:15] TUIDownload: Probing server... https://github.com/zyedidia/eget/releases/download/v1.3.4/eget-1.3.4-linux_arm64.tar.gz
[2026-02-18 12:16:15] Probing server: https://github.com/zyedidia/eget/releases/download/v1.3.4/eget-1.3.4-linux_arm64.tar.gz
[2026-02-18 12:16:17] Probe response status: 206
[2026-02-18 12:16:17] Content-Range header: bytes 0-0/2554414
[2026-02-18 12:16:17] Range supported, file size: 2554414
[2026-02-18 12:16:17] Probe complete - filename: eget-1.3.4-linux_arm64.tar.gz, size: 2554414, range: true
[2026-02-18 12:16:17] TUIDownload: Probe success 2554414
[2026-02-18 12:16:17] Destination path: /home/rio/Downloads/eget-1.3.4-linux_arm64.tar.gz
[2026-02-18 12:16:17] Using concurrent downloader
[2026-02-18 12:16:17] Probing 1 mirrors
[2026-02-18 12:16:17] Probing 1 mirrors...
[2026-02-18 12:16:17] Probing server: https://github.com/zyedidia/eget/releases/download/v1.3.4/eget-1.3.4-linux_arm64.tar.gz
[2026-02-18 12:16:17] Probe response status: 206
[2026-02-18 12:16:17] Content-Range header: bytes 0-0/2554414
[2026-02-18 12:16:17] Range supported, file size: 2554414
[2026-02-18 12:16:17] Probe complete - filename: eget-1.3.4-linux_arm64.tar.gz, size: 2554414, range: true
[2026-02-18 12:16:17] Mirror probing complete: 1 valid, 0 failed
[2026-02-18 12:16:17] Found 0 active mirrors from 1 candidates
[2026-02-18 12:16:17] Calling Download with mirrors: [https://github.com/zyedidia/eget/releases/download/v1.3.4/eget-1.3.4-linux_arm64.tar.gz]
[2026-02-18 12:16:17] ConcurrentDownloader.Download: https://github.com/zyedidia/eget/releases/download/v1.3.4/eget-1.3.4-linux_arm64.tar.gz -> /home/rio/Downloads/eget-1.3.4-linux_arm64.tar.gz (size: 2554414, mirrors: 0)
[2026-02-18 12:16:17] Worker 0 started
[2026-02-18 12:16:17] Worker 0: Task offset=0 length=2551808 took 586.20777ms
[2026-02-18 12:16:18] Worker 0: Task offset=2551808 length=2606 took 298.827769ms
[2026-02-18 12:16:18] Worker 0 finished
[2026-02-18 12:16:18] Download https://github.com/zyedidia/eget/releases/download/v1.3.4/eget-1.3.4-linux_arm64.tar.gz completed in 958.079385ms
