[2026-01-30 07:49:47] HTTP server listening on port 8080
[2026-01-30 07:49:47] TUIDownload: Probing server... https://github.com/antonmedv/fx/releases/download/39.2.0/fx_linux_arm64
[2026-01-30 07:49:47] Probing server: https://github.com/antonmedv/fx/releases/download/39.2.0/fx_linux_arm64
[2026-01-30 07:49:48] Probe response status: 206
[2026-01-30 07:49:48] Content-Range header: bytes 0-0/17639716
[2026-01-30 07:49:48] Range supported, file size: 17639716
[2026-01-30 07:49:48] Probe complete - filename: fx_linux_arm64, size: 17639716, range: true
[2026-01-30 07:49:48] TUIDownload: Probe success 17639716
[2026-01-30 07:49:48] Destination path: /home/rio/Downloads/fx_linux_arm64
[2026-01-30 07:49:48] Using concurrent downloader
[2026-01-30 07:49:48] ConcurrentDownloader.Download: https://github.com/antonmedv/fx/releases/download/39.2.0/fx_linux_arm64 -> /home/rio/Downloads/fx_linux_arm64 (size: 17639716)
[2026-01-30 07:49:48] Worker 3 started
[2026-01-30 07:49:48] Worker 0 started
[2026-01-30 07:49:48] Worker 1 started
[2026-01-30 07:49:48] Worker 2 started
[2026-01-30 07:49:49] Worker 0: Task offset=2097152 length=2097152 took 389.836692ms
[2026-01-30 07:49:49] Worker 0: Task offset=8388608 length=2097152 took 170.021539ms
[2026-01-30 07:49:49] Worker 2: Task offset=6291456 length=2097152 took 688.896615ms
[2026-01-30 07:49:49] Worker 1: Task offset=4194304 length=2097152 took 734.419ms
[2026-01-30 07:49:49] Worker 3: Task offset=0 length=2097152 took 764.781846ms
[2026-01-30 07:49:49] Worker 0: Task offset=10485760 length=2097152 took 396.445846ms
[2026-01-30 07:49:50] Worker 2: Task offset=12582912 length=2097152 took 755.563385ms
[2026-01-30 07:49:50] Worker 3: Task offset=16777216 length=862500 took 846.117846ms
[2026-01-30 07:49:50] Worker 1: Task offset=14680064 length=2097152 took 918.187462ms
[2026-01-30 07:49:50] Worker 1 finished
[2026-01-30 07:49:50] Worker 0 finished
[2026-01-30 07:49:50] Worker 3 finished
[2026-01-30 07:49:50] Worker 2 finished
[2026-01-30 07:49:50] Download https://github.com/antonmedv/fx/releases/download/39.2.0/fx_linux_arm64 completed in 2.106026077s
