[2026-02-11 10:42:40] HTTP server listening on port 8080
[2026-02-11 10:42:40] TUIDownload: Probing server... https://github.com/ricardodantas/hazelnut/releases/download/v0.2.39/hazelnut-0.2.39-aarch64-unknown-linux-gnu.tar.gz
[2026-02-11 10:42:40] Probing server: https://github.com/ricardodantas/hazelnut/releases/download/v0.2.39/hazelnut-0.2.39-aarch64-unknown-linux-gnu.tar.gz
[2026-02-11 10:42:42] Probe response status: 206
[2026-02-11 10:42:42] Content-Range header: bytes 0-0/4368373
[2026-02-11 10:42:42] Range supported, file size: 4368373
[2026-02-11 10:42:42] Probe complete - filename: hazelnut-0.2.39-aarch64-unknown-linux-gnu.tar.gz, size: 4368373, range: true
[2026-02-11 10:42:42] TUIDownload: Probe success 4368373
[2026-02-11 10:42:42] Destination path: /home/rio/Downloads/hazelnut-0.2.39-aarch64-unknown-linux-gnu.tar.gz
[2026-02-11 10:42:42] Using concurrent downloader
[2026-02-11 10:42:42] Probing 1 mirrors
[2026-02-11 10:42:42] Probing 1 mirrors...
[2026-02-11 10:42:42] Probing server: https://github.com/ricardodantas/hazelnut/releases/download/v0.2.39/hazelnut-0.2.39-aarch64-unknown-linux-gnu.tar.gz
[2026-02-11 10:42:42] Probe response status: 206
[2026-02-11 10:42:42] Content-Range header: bytes 0-0/4368373
[2026-02-11 10:42:42] Range supported, file size: 4368373
[2026-02-11 10:42:42] Probe complete - filename: hazelnut-0.2.39-aarch64-unknown-linux-gnu.tar.gz, size: 4368373, range: true
[2026-02-11 10:42:42] Mirror probing complete: 1 valid, 0 failed
[2026-02-11 10:42:42] Found 0 active mirrors from 1 candidates
[2026-02-11 10:42:42] Calling Download with mirrors: [https://github.com/ricardodantas/hazelnut/releases/download/v0.2.39/hazelnut-0.2.39-aarch64-unknown-linux-gnu.tar.gz]
[2026-02-11 10:42:42] ConcurrentDownloader.Download: https://github.com/ricardodantas/hazelnut/releases/download/v0.2.39/hazelnut-0.2.39-aarch64-unknown-linux-gnu.tar.gz -> /home/rio/Downloads/hazelnut-0.2.39-aarch64-unknown-linux-gnu.tar.gz (size: 4368373, mirrors: 0)
[2026-02-11 10:42:42] Worker 1 started
[2026-02-11 10:42:42] Worker 0 started
[2026-02-11 10:42:42] Worker 0: Task offset=2183168 length=2183168 took 628.423154ms
[2026-02-11 10:42:42] Worker 1: Task offset=0 length=2183168 took 631.25323ms
[2026-02-11 10:42:43] Worker 0: Task offset=4366336 length=2037 took 66.854077ms
[2026-02-11 10:42:43] Worker 0 finished
[2026-02-11 10:42:43] Worker 1 finished
[2026-02-11 10:42:43] Download https://github.com/ricardodantas/hazelnut/releases/download/v0.2.39/hazelnut-0.2.39-aarch64-unknown-linux-gnu.tar.gz completed in 822.953923ms
