[2026-02-09 16:58:02] HTTP server listening on port 8080
[2026-02-09 16:58:02] TUIDownload: Probing server... https://github.com/boyter/scc/releases/download/v3.6.0/scc_Linux_arm64.tar.gz
[2026-02-09 16:58:02] Probing server: https://github.com/boyter/scc/releases/download/v3.6.0/scc_Linux_arm64.tar.gz
[2026-02-09 16:58:04] Probe response status: 206
[2026-02-09 16:58:04] Content-Range header: bytes 0-0/1649040
[2026-02-09 16:58:04] Range supported, file size: 1649040
[2026-02-09 16:58:04] Probe complete - filename: scc_Linux_arm64.tar.gz, size: 1649040, range: true
[2026-02-09 16:58:04] TUIDownload: Probe success 1649040
[2026-02-09 16:58:04] Destination path: /home/rio/Downloads/scc_Linux_arm64.tar.gz
[2026-02-09 16:58:04] Using concurrent downloader
[2026-02-09 16:58:04] Probing 1 mirrors
[2026-02-09 16:58:04] Probing 1 mirrors...
[2026-02-09 16:58:04] Probing server: https://github.com/boyter/scc/releases/download/v3.6.0/scc_Linux_arm64.tar.gz
[2026-02-09 16:58:04] Probe response status: 206
[2026-02-09 16:58:04] Content-Range header: bytes 0-0/1649040
[2026-02-09 16:58:04] Range supported, file size: 1649040
[2026-02-09 16:58:04] Probe complete - filename: scc_Linux_arm64.tar.gz, size: 1649040, range: true
[2026-02-09 16:58:04] Mirror probing complete: 1 valid, 0 failed
[2026-02-09 16:58:04] Found 0 active mirrors from 1 candidates
[2026-02-09 16:58:04] Calling Download with mirrors: [https://github.com/boyter/scc/releases/download/v3.6.0/scc_Linux_arm64.tar.gz]
[2026-02-09 16:58:04] ConcurrentDownloader.Download: https://github.com/boyter/scc/releases/download/v3.6.0/scc_Linux_arm64.tar.gz -> /home/rio/Downloads/scc_Linux_arm64.tar.gz (size: 1649040, mirrors: 0)
[2026-02-09 16:58:04] Worker 0 started
[2026-02-09 16:58:05] Worker 0: Task offset=0 length=1649040 took 908.672308ms
[2026-02-09 16:58:05] Worker 0 finished
[2026-02-09 16:58:05] Download https://github.com/boyter/scc/releases/download/v3.6.0/scc_Linux_arm64.tar.gz completed in 1.072853231s
