[2026-01-30 07:27:39] HTTP server listening on port 8080
[2026-01-30 07:27:39] TUIDownload: Probing server... https://services.gradle.org/distributions/gradle-9.3.1-bin.zip
[2026-01-30 07:27:39] Probing server: https://services.gradle.org/distributions/gradle-9.3.1-bin.zip
[2026-01-30 07:27:40] Probe response status: 206
[2026-01-30 07:27:40] Content-Range header: bytes 0-0/137037885
[2026-01-30 07:27:40] Range supported, file size: 137037885
[2026-01-30 07:27:40] Probe complete - filename: gradle-9.3.1-bin.zip, size: 137037885, range: true
[2026-01-30 07:27:40] TUIDownload: Probe success 137037885
[2026-01-30 07:27:40] Destination path: /home/rio/Downloads/gradle-9.3.1-bin.zip
[2026-01-30 07:27:40] Using concurrent downloader
[2026-01-30 07:27:40] ConcurrentDownloader.Download: https://services.gradle.org/distributions/gradle-9.3.1-bin.zip -> /home/rio/Downloads/gradle-9.3.1-bin.zip (size: 137037885)
[2026-01-30 07:27:40] Worker 0 started
[2026-01-30 07:27:40] Worker 3 started
[2026-01-30 07:27:40] Worker 1 started
[2026-01-30 07:27:40] Worker 4 started
[2026-01-30 07:27:40] Worker 2 started
[2026-01-30 07:27:40] Worker 5 started
[2026-01-30 07:27:42] Worker 1: Task offset=11419648 length=5709824 took 1.550618384s
[2026-01-30 07:27:42] Worker 2: Task offset=22839296 length=5709824 took 1.620536616s
[2026-01-30 07:27:42] Worker 4: Task offset=17129472 length=5709824 took 1.622341615s
[2026-01-30 07:27:42] Worker 5: Task offset=28549120 length=5709824 took 1.639432693s
[2026-01-30 07:27:42] Worker 0: Task offset=0 length=5709824 took 1.655635692s
[2026-01-30 07:27:43] Worker 1: Task offset=34258944 length=5709824 took 911.312846ms
[2026-01-30 07:27:43] Worker 4: Task offset=45678592 length=5709824 took 934.054154ms
[2026-01-30 07:27:43] Worker 2: Task offset=39968768 length=5709824 took 942.805308ms
[2026-01-30 07:27:43] Worker 5: Task offset=51388416 length=5709824 took 985.680923ms
[2026-01-30 07:27:43] Worker 0: Task offset=57098240 length=5709824 took 985.124231ms
[2026-01-30 07:27:44] Worker 4: Task offset=68517888 length=5709824 took 998.998538ms
[2026-01-30 07:27:44] Worker 2: Task offset=74227712 length=5709824 took 1.085399077s
[2026-01-30 07:27:44] Worker 5: Task offset=79937536 length=5709824 took 1.193066154s
[2026-01-30 07:27:44] Worker 0: Task offset=85647360 length=5709824 took 1.222706462s
[2026-01-30 07:27:44] Worker 1: Task offset=62808064 length=5709824 took 1.460880923s
[2026-01-30 07:27:45] Worker 3: Task offset=5709824 length=5709824 took 4.269056231s
[2026-01-30 07:27:45] Worker 2: Task offset=97067008 length=5709824 took 935.093846ms
[2026-01-30 07:27:45] Worker 4: Task offset=91357184 length=5709824 took 1.039553539s
[2026-01-30 07:27:45] Worker 5: Task offset=102776832 length=5709824 took 985.183923ms
[2026-01-30 07:27:45] Worker 0: Task offset=108486656 length=5709824 took 1.098031s
[2026-01-30 07:27:45] Worker 1: Task offset=114196480 length=5709824 took 1.042906077s
[2026-01-30 07:27:45] Balancer: stole 2.7 MB from worker 3 (new range: 122761216-125616128)
[2026-01-30 07:27:45] Worker 5: Task offset=137035776 length=2109 took 295.157846ms
[2026-01-30 07:27:46] Worker 4: Task offset=131325952 length=5709824 took 718.499ms
[2026-01-30 07:27:46] Worker 2: Task offset=125616128 length=5709824 took 741.756692ms
[2026-01-30 07:27:46] Worker 0: Task offset=122761216 length=2854912 took 381.329846ms
[2026-01-30 07:27:46] Worker 3: Task offset=119906304 length=5709824 took 1.293607308s
[2026-01-30 07:27:46] Worker 3 finished
[2026-01-30 07:27:46] Worker 1 finished
[2026-01-30 07:27:46] Worker 2 finished
[2026-01-30 07:27:46] Worker 0 finished
[2026-01-30 07:27:46] Worker 4 finished
[2026-01-30 07:27:46] Worker 5 finished
[2026-01-30 07:27:47] Download https://services.gradle.org/distributions/gradle-9.3.1-bin.zip completed in 6.312882155s
